// Jest Snapshot v1, https://goo.gl/fbAQLP

exports[`Pruebas en <PrimeraApp /> debe mostrar <Primera /> correctamente 1`] = `
<Fragment>
  <h1>
    Hola soy nene
    !!!
  </h1>
  <p>
    Soy un subtitulo
  </p>
</Fragment>
`;
